[yuta-abe.com/index.html]
[backblue.gif]
[fade.gif]
[index.html]
[yuta-abe.com/assets/img/favicon.png]
[yuta-abe.com/_nuxt/98470380edcb9b0ac476.js]
[yuta-abe.com/_nuxt/0ccfa18171076a62d79e.js]
[yuta-abe.com/_nuxt/d58fb8b2cb995b1c118e.js]
[yuta-abe.com/_nuxt/11de48bb754938cc515c.js]
[yuta-abe.com/_nuxt/16f720302e67ccb44929.js]
[yuta-abe.com/about/index.html]
[yuta-abe.com/assets/img/projects/gig/thumb.jpg]
[yuta-abe.com/projects/gig/index.html]
[yuta-abe.com/assets/img/projects/kyotorism/thumb.jpg]
[yuta-abe.com/projects/kyotorism/index.html]
[yuta-abe.com/assets/img/projects/playground/thumb.jpg]
[yuta-abe.com/projects/playground/index.html]
[yuta-abe.com/assets/img/icon-github.svg]
[yuta-abe.com/assets/img/projects/gig/img_sp.png]
[yuta-abe.com/assets/img/projects/kyotorism/pict2.jpg]
[yuta-abe.com/index.html]
[yuta-abe.com/_nuxt/6200d65538570b5f82a1.js]
[yuta-abe.com/assets/img/profile2.jpg]
[yuta-abe.com/about/index.html]
[yuta-abe.com/assets/img/icon-instagram.svg]
[yuta-abe.com/_nuxt/bbabfbd2cfaca854d277.js]
[yuta-abe.com/assets/img/icon-blank.png]
[yuta-abe.com/assets/img/projects/gig/img_pc.png]
[yuta-abe.com/assets/img/projects/gig/img-wide.png]
[yuta-abe.com/projects/gig/index.html]
[yuta-abe.com/assets/img/projects/kyotorism/pict1.jpg]
[yuta-abe.com/assets/img/projects/kyotorism/pict3.jpg]
[yuta-abe.com/projects/kyotorism/index.html]
[yuta-abe.com/projects/playground/index.html]
[yuta-abe.com/assets/img/icon-tw.svg]
[yuta-abe.com/assets/img/icon-fb.svg]
[yuta-abe.com/assets/img/icon-github.svg]
[yuta-abe.com/assets/img/icon-instagram.svg]
[yuta-abe.com/playground/01-rotation-objects/bundle.6d17c92b21c09d43e692.js]
[yuta-abe.com/playground/01-rotation-objects/index.html]
[yuta-abe.com/playground/02-shader-test/bundle.74b08d8db1d6a9f94328.js]
[yuta-abe.com/playground/02-shader-test/index.html]
[yuta-abe.com/playground/01-rotation-objects/main.css]
[yuta-abe.com/playground/02-shader-test/main.css]
